[2026-01-18 11:43:08,379:INFO:main:Welcome to out custom log]
[2026-01-18 11:43:40,906:INFO:main:Welcome to out custom log]
[2026-01-23 13:17:55,176:INFO:common:yaml file: config\config.yaml loaded successfully]
[2026-01-23 13:17:55,254:INFO:common:yaml file: params.yaml loaded successfully]
[2026-01-23 13:17:55,271:INFO:common:created directory at:artifacts]
[2026-01-23 13:17:55,279:INFO:common:created directory at:artifacts/data_ingestion]
[2026-01-23 13:20:25,270:INFO:common:yaml file: config\config.yaml loaded successfully]
[2026-01-23 13:20:25,286:INFO:common:yaml file: params.yaml loaded successfully]
[2026-01-23 13:20:25,292:INFO:common:created directory at:artifacts]
[2026-01-23 13:20:25,295:INFO:common:created directory at:artifacts/data_ingestion]
[2026-01-23 13:20:25,299:INFO:3524214957:Downloading data from https://drive.google.com/file/d/1DgIOoav6Ci2iN_bWOEK1V8VdQeRbN636/view?usp=drive_link into file artifacts/data_ingestion/data.zip]
[2026-01-23 13:28:00,055:INFO:3524214957:Download data from https://drive.google.com/file/d/1DgIOoav6Ci2iN_bWOEK1V8VdQeRbN636/view?usp=drive_link into file artifacts/data_ingestion/data.zip]
[2026-01-23 13:55:37,957:INFO:main:>>>>>> stage Data Ingestion Stage started <<<<<<]
[2026-01-23 13:55:37,960:INFO:common:yaml file: config\config.yaml loaded successfully]
[2026-01-23 13:55:37,965:INFO:common:yaml file: params.yaml loaded successfully]
[2026-01-23 13:55:37,967:INFO:common:created directory at:artifacts]
[2026-01-23 13:55:37,969:INFO:common:created directory at:artifacts/data_ingestion]
[2026-01-23 13:55:37,970:INFO:data_ingestion:Downloading data from https://drive.google.com/file/d/1DgIOoav6Ci2iN_bWOEK1V8VdQeRbN636/view?usp=drive_link into file artifacts/data_ingestion/data.zip]
[2026-01-23 14:03:11,432:INFO:data_ingestion:Download data from https://drive.google.com/file/d/1DgIOoav6Ci2iN_bWOEK1V8VdQeRbN636/view?usp=drive_link into file artifacts/data_ingestion/data.zip]
[2026-01-23 14:04:01,390:INFO:main:>>>>>> Data Ingestion Stage completed <<<<<< 

x=========x]
[2026-01-23 15:28:23,742:INFO:common:yaml file: config\config.yaml loaded successfully]
[2026-01-23 15:28:23,794:INFO:common:yaml file: params.yaml loaded successfully]
[2026-01-23 15:28:23,806:INFO:common:created directory at:artifacts]
[2026-01-23 15:28:23,812:INFO:common:created directory at:artifacts/prepare_base_model]
[2026-01-23 15:28:51,130:INFO:common:yaml file: config\config.yaml loaded successfully]
[2026-01-23 15:28:51,137:INFO:common:yaml file: params.yaml loaded successfully]
[2026-01-23 15:28:51,143:INFO:common:created directory at:artifacts]
[2026-01-23 15:28:51,146:INFO:common:created directory at:artifacts/prepare_base_model]
[2026-01-23 15:42:59,889:INFO:common:yaml file: config\config.yaml loaded successfully]
[2026-01-23 15:42:59,912:INFO:common:yaml file: params.yaml loaded successfully]
[2026-01-23 15:42:59,921:INFO:common:created directory at:artifacts]
[2026-01-23 15:42:59,925:INFO:common:created directory at:artifacts/prepare_base_model]
[2026-01-23 15:45:22,979:INFO:common:yaml file: config\config.yaml loaded successfully]
[2026-01-23 15:45:23,000:INFO:common:yaml file: params.yaml loaded successfully]
[2026-01-23 15:45:23,009:INFO:common:created directory at:artifacts]
[2026-01-23 15:45:23,014:INFO:common:created directory at:artifacts/prepare_base_model]
[2026-01-23 15:50:58,015:INFO:common:yaml file: config\config.yaml loaded successfully]
[2026-01-23 15:50:58,033:INFO:common:yaml file: params.yaml loaded successfully]
[2026-01-23 15:50:58,041:INFO:common:created directory at:artifacts]
[2026-01-23 15:50:58,047:INFO:common:created directory at:artifacts/prepare_base_model]
[2026-01-23 15:51:19,707:WARNING:saving_utils:Compiled the loaded model, but the compiled metrics have yet to be built. `model.compile_metrics` will be empty until you train or evaluate the model.]
[2026-01-23 16:09:42,986:INFO:main:>>>>>> stage Data Ingestion Stage started <<<<<<]
[2026-01-23 16:09:42,991:INFO:common:yaml file: config\config.yaml loaded successfully]
[2026-01-23 16:09:42,996:INFO:common:yaml file: params.yaml loaded successfully]
[2026-01-23 16:09:42,998:INFO:common:created directory at:artifacts]
[2026-01-23 16:09:42,999:INFO:common:created directory at:artifacts/data_ingestion]
[2026-01-23 16:09:43,000:INFO:data_ingestion:Downloading data from https://drive.google.com/file/d/1DgIOoav6Ci2iN_bWOEK1V8VdQeRbN636/view?usp=drive_link into file artifacts/data_ingestion/data.zip]
[2026-01-23 16:17:20,598:INFO:data_ingestion:Download data from https://drive.google.com/file/d/1DgIOoav6Ci2iN_bWOEK1V8VdQeRbN636/view?usp=drive_link into file artifacts/data_ingestion/data.zip]
[2026-01-23 16:17:58,053:INFO:main:>>>>>> Data Ingestion Stage completed <<<<<< 

x=========x]
[2026-01-23 16:17:58,079:INFO:main:>>>>>> stage Prepare base model started <<<<<<]
[2026-01-23 16:17:58,136:INFO:common:yaml file: config\config.yaml loaded successfully]
[2026-01-23 16:17:58,162:INFO:common:yaml file: params.yaml loaded successfully]
[2026-01-23 16:17:58,175:INFO:common:created directory at:artifacts]
[2026-01-23 16:17:58,176:INFO:common:created directory at:artifacts/prepare_base_model]
[2026-01-23 16:17:58,178:ERROR:main:name 'Path' is not defined]
Traceback (most recent call last):
  File "C:\Users\naina\Kidney-Disease-Classification-Deep-Learning-Project\main.py", line 25, in <module>
    obj.main()
  File "C:\Users\naina\Kidney-Disease-Classification-Deep-Learning-Project\src\cnnClassifier\pipeline\stage02_prepare_base_model.py", line 13, in main
    prepare_base_model_config=config.get_prepare_base_model_config()
  File "C:\Users\naina\Kidney-Disease-Classification-Deep-Learning-Project\src\cnnClassifier\config\configuration.py", line 41, in get_prepare_base_model_config
    root_dir=Path(config.root_dir),
NameError: name 'Path' is not defined
[2026-01-23 16:21:15,883:INFO:main:>>>>>> stage Data Ingestion Stage started <<<<<<]
[2026-01-23 16:21:15,899:INFO:common:yaml file: config\config.yaml loaded successfully]
[2026-01-23 16:21:15,911:INFO:common:yaml file: params.yaml loaded successfully]
[2026-01-23 16:21:15,914:INFO:common:created directory at:artifacts]
[2026-01-23 16:21:15,915:INFO:common:created directory at:artifacts/data_ingestion]
[2026-01-23 16:21:15,915:INFO:data_ingestion:Downloading data from https://drive.google.com/file/d/1DgIOoav6Ci2iN_bWOEK1V8VdQeRbN636/view?usp=drive_link into file artifacts/data_ingestion/data.zip]
[2026-01-23 16:22:23,820:INFO:main:>>>>>> stage Data Ingestion Stage started <<<<<<]
[2026-01-23 16:22:23,824:INFO:common:yaml file: config\config.yaml loaded successfully]
[2026-01-23 16:22:23,830:INFO:common:yaml file: params.yaml loaded successfully]
[2026-01-23 16:22:23,831:INFO:common:created directory at:artifacts]
[2026-01-23 16:22:23,832:INFO:common:created directory at:artifacts/data_ingestion]
[2026-01-23 16:22:23,833:INFO:data_ingestion:Downloading data from https://drive.google.com/file/d/1DgIOoav6Ci2iN_bWOEK1V8VdQeRbN636/view?usp=drive_link into file artifacts/data_ingestion/data.zip]
[2026-01-23 16:29:58,716:INFO:data_ingestion:Download data from https://drive.google.com/file/d/1DgIOoav6Ci2iN_bWOEK1V8VdQeRbN636/view?usp=drive_link into file artifacts/data_ingestion/data.zip]
[2026-01-23 16:30:35,660:INFO:main:>>>>>> Data Ingestion Stage completed <<<<<< 

x=========x]
[2026-01-23 16:30:35,661:INFO:main:>>>>>> stage Prepare base model started <<<<<<]
[2026-01-23 16:30:35,686:INFO:common:yaml file: config\config.yaml loaded successfully]
[2026-01-23 16:30:35,701:INFO:common:yaml file: params.yaml loaded successfully]
[2026-01-23 16:30:35,707:INFO:common:created directory at:artifacts]
[2026-01-23 16:30:35,707:INFO:common:created directory at:artifacts/prepare_base_model]
[2026-01-23 16:30:38,801:WARNING:saving_utils:Compiled the loaded model, but the compiled metrics have yet to be built. `model.compile_metrics` will be empty until you train or evaluate the model.]
[2026-01-23 16:30:39,875:INFO:main:>>>>>> Prepare base model completed <<<<<< 

x=========x]
[2026-01-23 17:35:30,932:INFO:common:yaml file: config\config.yaml loaded successfully]
[2026-01-23 17:35:31,006:INFO:common:yaml file: params.yaml loaded successfully]
[2026-01-23 17:35:31,035:INFO:common:created directory at:artifacts]
[2026-01-23 17:40:03,306:INFO:common:yaml file: config\config.yaml loaded successfully]
[2026-01-23 17:40:03,326:INFO:common:yaml file: params.yaml loaded successfully]
[2026-01-23 17:40:03,334:INFO:common:created directory at:artifacts]
[2026-01-23 17:40:03,342:INFO:common:created directory at:artifacts\training]
[2026-01-23 19:32:25,208:INFO:common:yaml file: config\config.yaml loaded successfully]
[2026-01-23 19:32:25,232:INFO:common:yaml file: params.yaml loaded successfully]
[2026-01-23 19:32:25,245:INFO:common:created directory at:artifacts]
[2026-01-23 19:32:25,252:INFO:common:created directory at:artifacts\training]
[2026-01-23 19:36:46,777:INFO:common:yaml file: config\config.yaml loaded successfully]
[2026-01-23 19:36:46,865:INFO:common:yaml file: params.yaml loaded successfully]
[2026-01-23 19:36:46,877:INFO:common:created directory at:artifacts]
[2026-01-23 19:36:46,882:INFO:common:created directory at:artifacts\training]
[2026-01-23 19:39:46,067:INFO:common:yaml file: config\config.yaml loaded successfully]
[2026-01-23 19:39:46,094:INFO:common:yaml file: params.yaml loaded successfully]
[2026-01-23 19:39:46,106:INFO:common:created directory at:artifacts]
[2026-01-23 19:39:46,118:INFO:common:created directory at:artifacts\training]
[2026-01-23 19:44:39,474:INFO:main:>>>>>> stage Data Ingestion Stage started <<<<<<]
[2026-01-23 19:44:39,486:INFO:common:yaml file: config\config.yaml loaded successfully]
[2026-01-23 19:44:39,491:INFO:common:yaml file: params.yaml loaded successfully]
[2026-01-23 19:44:39,495:INFO:common:created directory at:artifacts]
[2026-01-23 19:44:39,499:INFO:common:created directory at:artifacts/data_ingestion]
[2026-01-23 19:44:39,500:INFO:data_ingestion:Downloading data from https://drive.google.com/file/d/1mYoexgS0MqfkvGdqQ5DE2hpBQ4BLPsOx/view?usp=drive_link into file artifacts/data_ingestion/data.zip]
[2026-01-23 19:44:41,701:ERROR:main:Failed to retrieve file url:

	Cannot retrieve the public link of the file. You may need to change
	the permission to 'Anyone with the link', or have had many accesses.
	Check FAQ in https://github.com/wkentaro/gdown?tab=readme-ov-file#faq.

You may still be able to access the file from the browser:

	https://drive.google.com/uc?id=1mYoexgS0MqfkvGdqQ5DE2hpBQ4BLPsOx

but Gdown can't. Please check connections and permissions.]
Traceback (most recent call last):
  File "D:\Anaconda\envs\kidney\lib\site-packages\gdown\download.py", line 267, in download
    url = get_url_from_gdrive_confirmation(res.text)
  File "D:\Anaconda\envs\kidney\lib\site-packages\gdown\download.py", line 55, in get_url_from_gdrive_confirmation
    raise FileURLRetrievalError(
gdown.exceptions.FileURLRetrievalError: Cannot retrieve the public link of the file. You may need to change the permission to 'Anyone with the link', or have had many accesses. Check FAQ in https://github.com/wkentaro/gdown?tab=readme-ov-file#faq.

During handling of the above exception, another exception occurred:

Traceback (most recent call last):
  File "C:\Users\naina\Kidney-Disease-Classification-Deep-Learning-Project\main.py", line 10, in <module>
    obj.main()
  File "C:\Users\naina\Kidney-Disease-Classification-Deep-Learning-Project\src\cnnClassifier\pipeline\stage01_data_ingestion.py", line 14, in main
    data_ingestion.download_file()
  File "C:\Users\naina\Kidney-Disease-Classification-Deep-Learning-Project\src\cnnClassifier\components\data_ingestion.py", line 30, in download_file
    raise e
  File "C:\Users\naina\Kidney-Disease-Classification-Deep-Learning-Project\src\cnnClassifier\components\data_ingestion.py", line 25, in download_file
    gdown.download(prefix,zip_download_dir)
  File "D:\Anaconda\envs\kidney\lib\site-packages\gdown\download.py", line 278, in download
    raise FileURLRetrievalError(message)
gdown.exceptions.FileURLRetrievalError: Failed to retrieve file url:

	Cannot retrieve the public link of the file. You may need to change
	the permission to 'Anyone with the link', or have had many accesses.
	Check FAQ in https://github.com/wkentaro/gdown?tab=readme-ov-file#faq.

You may still be able to access the file from the browser:

	https://drive.google.com/uc?id=1mYoexgS0MqfkvGdqQ5DE2hpBQ4BLPsOx

but Gdown can't. Please check connections and permissions.
[2026-01-23 19:46:00,699:INFO:main:>>>>>> stage Data Ingestion Stage started <<<<<<]
[2026-01-23 19:46:00,709:INFO:common:yaml file: config\config.yaml loaded successfully]
[2026-01-23 19:46:00,715:INFO:common:yaml file: params.yaml loaded successfully]
[2026-01-23 19:46:00,717:INFO:common:created directory at:artifacts]
[2026-01-23 19:46:00,723:INFO:common:created directory at:artifacts/data_ingestion]
[2026-01-23 19:46:00,723:INFO:data_ingestion:Downloading data from https://drive.google.com/file/d/1mYoexgS0MqfkvGdqQ5DE2hpBQ4BLPsOx/view?usp=drive_link into file artifacts/data_ingestion/data.zip]
[2026-01-23 19:47:02,938:INFO:data_ingestion:Download data from https://drive.google.com/file/d/1mYoexgS0MqfkvGdqQ5DE2hpBQ4BLPsOx/view?usp=drive_link into file artifacts/data_ingestion/data.zip]
[2026-01-23 19:47:08,277:INFO:main:>>>>>> Data Ingestion Stage completed <<<<<< 

x=========x]
[2026-01-23 19:47:08,278:INFO:main:>>>>>> stage Prepare base model started <<<<<<]
[2026-01-23 19:47:08,377:INFO:common:yaml file: config\config.yaml loaded successfully]
[2026-01-23 19:47:08,395:INFO:common:yaml file: params.yaml loaded successfully]
[2026-01-23 19:47:08,401:INFO:common:created directory at:artifacts]
[2026-01-23 19:47:08,402:INFO:common:created directory at:artifacts/prepare_base_model]
[2026-01-23 19:47:10,751:WARNING:saving_utils:Compiled the loaded model, but the compiled metrics have yet to be built. `model.compile_metrics` will be empty until you train or evaluate the model.]
[2026-01-23 19:47:11,505:INFO:main:>>>>>> Prepare base model completed <<<<<< 

x=========x]
[2026-01-23 19:55:14,907:INFO:common:yaml file: config\config.yaml loaded successfully]
[2026-01-23 19:55:14,925:INFO:common:yaml file: params.yaml loaded successfully]
[2026-01-23 19:55:14,934:INFO:common:created directory at:artifacts]
[2026-01-23 19:55:14,938:INFO:common:created directory at:artifacts\training]
[2026-01-23 20:19:00,723:INFO:main:>>>>>> stage Data Ingestion Stage started <<<<<<]
[2026-01-23 20:19:00,729:INFO:common:yaml file: config\config.yaml loaded successfully]
[2026-01-23 20:19:00,735:INFO:common:yaml file: params.yaml loaded successfully]
[2026-01-23 20:19:00,739:INFO:common:created directory at:artifacts]
[2026-01-23 20:19:00,741:INFO:common:created directory at:artifacts/data_ingestion]
[2026-01-23 20:19:00,741:INFO:data_ingestion:Downloading data from https://drive.google.com/file/d/1mYoexgS0MqfkvGdqQ5DE2hpBQ4BLPsOx/view?usp=drive_link into file artifacts/data_ingestion/data.zip]
[2026-01-23 20:20:00,007:INFO:data_ingestion:Download data from https://drive.google.com/file/d/1mYoexgS0MqfkvGdqQ5DE2hpBQ4BLPsOx/view?usp=drive_link into file artifacts/data_ingestion/data.zip]
[2026-01-23 20:20:07,104:INFO:main:>>>>>> Data Ingestion Stage completed <<<<<< 

x=========x]
[2026-01-23 20:20:07,104:INFO:main:>>>>>> stage Prepare base model started <<<<<<]
[2026-01-23 20:20:07,108:INFO:common:yaml file: config\config.yaml loaded successfully]
[2026-01-23 20:20:07,110:INFO:common:yaml file: params.yaml loaded successfully]
[2026-01-23 20:20:07,111:INFO:common:created directory at:artifacts]
[2026-01-23 20:20:07,112:INFO:common:created directory at:artifacts/prepare_base_model]
[2026-01-23 20:20:08,564:WARNING:saving_utils:Compiled the loaded model, but the compiled metrics have yet to be built. `model.compile_metrics` will be empty until you train or evaluate the model.]
[2026-01-23 20:20:09,066:INFO:main:>>>>>> Prepare base model completed <<<<<< 

x=========x]
[2026-01-23 20:20:09,067:INFO:main:>>>>>> stage TRAINING started <<<<<<]
[2026-01-23 20:20:09,073:INFO:common:yaml file: config\config.yaml loaded successfully]
[2026-01-23 20:20:09,076:INFO:common:yaml file: params.yaml loaded successfully]
[2026-01-23 20:20:09,077:INFO:common:created directory at:artifacts]
[2026-01-23 20:20:09,078:INFO:common:created directory at:artifacts\training]
[2026-01-23 20:25:55,787:INFO:main:>>>>>> TRAINING completed <<<<<< 

x=========x]
